// Vitest Snapshot v1, https://vitest.dev/guide/snapshot.html

exports[`PageFrame > should render correctly 1`] = `
<div>
  <main
    class="h-[100vh] flex flex-col items-center justify-center bg-[#ebebeb]"
  />
</div>
`;
