// Vitest Snapshot v1, https://vitest.dev/guide/snapshot.html

exports[`SearchInput unit test > should render correctly 1`] = `
<div>
  <input
    class="py-2 px-3 rounded-md outline-none"
    placeholder="Busque o artista"
    type="text"
  />
</div>
`;
