// Vitest Snapshot v1, https://vitest.dev/guide/snapshot.html

exports[`SearchRoot unit test > should render correctly 1`] = `
<div>
  <section
    class="flex flex-col items-center gap-5 mt-10 border-2 border-gray-300 rounded-lg bg-white py-10 w-[90%] max-w-[600px] relative"
  >
    <button
      class="absolute top-2 right-2 p-2 rounded-md"
    >
      <svg
        fill="currentColor"
        height="24"
        stroke="currentColor"
        stroke-width="0"
        viewBox="0 0 24 24"
        width="24"
        xmlns="http://www.w3.org/2000/svg"
      >
        <g
          id="Circle_More"
        >
          <g>
            <circle
              cx="12.001"
              cy="12"
              r="1"
            />
            <circle
              cx="16.001"
              cy="12"
              r="1"
            />
            <circle
              cx="8.001"
              cy="12"
              r="1"
            />
            <path
              d="M12,21.932A9.934,9.934,0,1,1,21.934,12,9.944,9.944,0,0,1,12,21.932ZM12,3.065A8.934,8.934,0,1,0,20.934,12,8.944,8.944,0,0,0,12,3.065Z"
            />
          </g>
        </g>
      </svg>
    </button>
    <span />
  </section>
</div>
`;
