// Vitest Snapshot v1, https://vitest.dev/guide/snapshot.html

exports[`SelectAttraction unit test > should render correctly 1`] = `
<div>
  <div
    class="flex flex-col border border-gray-300 rounded-md bg-white"
  >
    <span />
  </div>
</div>
`;
