// Vitest Snapshot v1, https://vitest.dev/guide/snapshot.html

exports[`SearchButton unit test > should render correctly 1`] = `
<div>
  <button
    class="btn"
  >
    Selecionar
  </button>
</div>
`;
