// Vitest Snapshot v1, https://vitest.dev/guide/snapshot.html

exports[`ShowAttractionInfo unit test > should render correctly 1`] = `
<div>
  <article
    class="flex flex-col gap-3 p-3 rounded-md border border-gray-300 bg-white w-full items-center"
  >
    <span
      class="relative cursor-pointer"
    >
      <svg
        class="play-tooltip "
        color="#fff"
        fill="currentColor"
        height="40"
        stroke="currentColor"
        stroke-width="0"
        style="color: rgb(255, 255, 255);"
        viewBox="0 0 448 512"
        width="40"
        xmlns="http://www.w3.org/2000/svg"
      >
        <path
          d="M424.4 214.7L72.4 6.6C43.8-10.3 0 6.1 0 47.9V464c0 37.5 40.7 60.1 72.4 41.3l352-208c31.4-18.5 31.5-64.1 0-82.6z"
        />
      </svg>
      <img
        alt="Red Hot Chili Peppers - Californication (Official Music Video) [HD UPGRADE]"
        data-nimg="1"
        decoding="async"
        height="180"
        loading="lazy"
        src="/_next/image?url=https%3A%2F%2Fi.ytimg.com%2Fvi%2FYlUKcNNmywk%2Fmqdefault.jpg&w=640&q=75"
        srcset="/_next/image?url=https%3A%2F%2Fi.ytimg.com%2Fvi%2FYlUKcNNmywk%2Fmqdefault.jpg&w=384&q=75 1x, /_next/image?url=https%3A%2F%2Fi.ytimg.com%2Fvi%2FYlUKcNNmywk%2Fmqdefault.jpg&w=640&q=75 2x"
        style="color: transparent;"
        width="320"
      />
    </span>
    <h3
      class="text-lg font-bold"
    >
      Red Hot Chili Peppers - Californication (Official Music Video) [HD UPGRADE]
    </h3>
    <span
      class="flex gap-5"
    >
      <span
        class="flex gap-1 items-center justify-center"
      >
        <svg
          fill="currentColor"
          height="1em"
          stroke="currentColor"
          stroke-width="0"
          viewBox="0 0 24 24"
          width="1em"
          xmlns="http://www.w3.org/2000/svg"
        >
          <path
            d="M12,21 C7,21 1,16 1,12 C1,8 7,3 12,3 C17,3 23,8 23,12 C23,16 17,21 12,21 Z M12,7 C9.23875,7 7,9.23875 7,12 C7,14.76125 9.23875,17 12,17 C14.76125,17 17,14.76125 17,12 C17,9.23875 14.76125,7 12,7 L12,7 Z"
            fill="none"
            stroke-width="2"
          />
        </svg>
         
        1.2 bi
      </span>
      <span
        class="flex gap-1 items-center justify-center"
      >
        <svg
          fill="currentColor"
          height="1em"
          stroke="currentColor"
          stroke-width="0"
          viewBox="0 0 1024 1024"
          width="1em"
          xmlns="http://www.w3.org/2000/svg"
        >
          <path
            d="M885.9 533.7c16.8-22.2 26.1-49.4 26.1-77.7 0-44.9-25.1-87.4-65.5-111.1a67.67 67.67 0 0 0-34.3-9.3H572.4l6-122.9c1.4-29.7-9.1-57.9-29.5-79.4A106.62 106.62 0 0 0 471 99.9c-52 0-98 35-111.8 85.1l-85.9 311h-.3v428h472.3c9.2 0 18.2-1.8 26.5-5.4 47.6-20.3 78.3-66.8 78.3-118.4 0-12.6-1.8-25-5.4-37 16.8-22.2 26.1-49.4 26.1-77.7 0-12.6-1.8-25-5.4-37 16.8-22.2 26.1-49.4 26.1-77.7-.2-12.6-2-25.1-5.6-37.1zM112 528v364c0 17.7 14.3 32 32 32h65V496h-65c-17.7 0-32 14.3-32 32z"
          />
        </svg>
         
        5.1 mi
      </span>
      <span
        class="flex gap-1 items-center justify-center"
      >
        <svg
          fill="currentColor"
          height="1em"
          stroke="currentColor"
          stroke-width="0"
          viewBox="0 0 512 512"
          width="1em"
          xmlns="http://www.w3.org/2000/svg"
        >
          <path
            d="M256 32C114.6 32 0 125.1 0 240c0 47.6 19.9 91.2 52.9 126.3C38 405.7 7 439.1 6.5 439.5c-6.6 7-8.4 17.2-4.6 26S14.4 480 24 480c61.5 0 110-25.7 139.1-46.3C192 442.8 223.2 448 256 448c141.4 0 256-93.1 256-208S397.4 32 256 32zm0 368c-26.7 0-53.1-4.1-78.4-12.1l-22.7-7.2-19.5 13.8c-14.3 10.1-33.9 21.4-57.5 29 7.3-12.1 14.4-25.7 19.9-40.2l10.6-28.1-20.6-21.8C69.7 314.1 48 282.2 48 240c0-88.2 93.3-160 208-160s208 71.8 208 160-93.3 160-208 160z"
          />
        </svg>
         
        131.4 mil
      </span>
    </span>
    <span
      class="text-center"
    >
      Watch the official music video for Californication by Red Hot Chili Peppers from the album Californi
      ...
    </span>
  </article>
</div>
`;
